// Jest Snapshot v1, https://goo.gl/fbAQLP

exports[`[<App />] [<App />] shows pokemons list 1`] = `
<div
  className="App"
>
  <div>
    <h1>
      Pokemon's List:
    </h1>
    <ul
      className="pokemon-list"
    >
      <div>
        loading pokemons ...
      </div>
    </ul>
  </div>
</div>
`;

exports[`[<PokemonList />] [<PokemonList />] renders correctly 1`] = `
<Query
  displayName="Apollo(PokemonList)"
  query={
    Object {
      "definitions": Array [
        Object {
          "directives": Array [],
          "kind": "OperationDefinition",
          "name": undefined,
          "operation": "query",
          "selectionSet": Object {
            "kind": "SelectionSet",
            "selections": Array [
              Object {
                "alias": undefined,
                "arguments": Array [
                  Object {
                    "kind": "Argument",
                    "name": Object {
                      "kind": "Name",
                      "value": "first",
                    },
                    "value": Object {
                      "kind": "IntValue",
                      "value": "151",
                    },
                  },
                ],
                "directives": Array [],
                "kind": "Field",
                "name": Object {
                  "kind": "Name",
                  "value": "pokemons",
                },
                "selectionSet": Object {
                  "kind": "SelectionSet",
                  "selections": Array [
                    Object {
                      "alias": undefined,
                      "arguments": Array [],
                      "directives": Array [],
                      "kind": "Field",
                      "name": Object {
                        "kind": "Name",
                        "value": "image",
                      },
                      "selectionSet": undefined,
                    },
                    Object {
                      "alias": undefined,
                      "arguments": Array [],
                      "directives": Array [],
                      "kind": "Field",
                      "name": Object {
                        "kind": "Name",
                        "value": "number",
                      },
                      "selectionSet": undefined,
                    },
                    Object {
                      "alias": undefined,
                      "arguments": Array [],
                      "directives": Array [],
                      "kind": "Field",
                      "name": Object {
                        "kind": "Name",
                        "value": "name",
                      },
                      "selectionSet": undefined,
                    },
                    Object {
                      "alias": undefined,
                      "arguments": Array [],
                      "directives": Array [],
                      "kind": "Field",
                      "name": Object {
                        "kind": "Name",
                        "value": "id",
                      },
                      "selectionSet": undefined,
                    },
                  ],
                },
              },
            ],
          },
          "variableDefinitions": Array [],
        },
      ],
      "kind": "Document",
      "loc": Object {
        "end": 91,
        "start": 0,
      },
    }
  }
  skip={false}
>
  <Component />
</Query>
`;
